#
# There is insufficient memory for the Java Runtime Environment to continue.
# Native memory allocation (malloc) failed to allocate 1048576 bytes. Error detail: AllocateHeap
# Possible reasons:
#   The system is out of physical RAM or swap space
#   This process is running with CompressedOops enabled, and the Java Heap may be blocking the growth of the native heap
# Possible solutions:
#   Reduce memory load on the system
#   Increase physical memory or swap space
#   Check if swap backing store is full
#   Decrease Java heap size (-Xmx/-Xms)
#   Decrease number of Java threads
#   Decrease Java thread stack sizes (-Xss)
#   Set larger code cache with -XX:ReservedCodeCacheSize=
#   JVM is running with Unscaled Compressed Oops mode in which the Java heap is
#     placed in the first 4GB address space. The Java Heap base address is the
#     maximum limit for the native heap growth. Please use -XX:HeapBaseMinAddress
#     to set the Java Heap base and to place the Java Heap above 4GB virtual address.
# This output file may be truncated or incomplete.
#
#  Out of Memory Error (allocation.cpp:44), pid=21600, tid=23720
#
# JRE version: OpenJDK Runtime Environment Temurin-21.0.11+10 (21.0.11+10) (build 21.0.11+10-LTS)
# Java VM: OpenJDK 64-Bit Server VM Temurin-21.0.11+10 (21.0.11+10-LTS, mixed mode, sharing, tiered, compressed oops, compressed class ptrs, parallel gc, windows-amd64)
# No core dump will be written. Minidumps are not enabled by default on client versions of Windows
#

---------------  S U M M A R Y ------------

Command Line: --add-modules=ALL-SYSTEM --add-opens=java.base/java.util=ALL-UNNAMED --add-opens=java.base/java.lang=ALL-UNNAMED --add-opens=java.base/sun.nio.fs=ALL-UNNAMED -Declipse.application=org.eclipse.jdt.ls.core.id1 -Dosgi.bundles.defaultStartLevel=4 -Declipse.product=org.eclipse.jdt.ls.core.product -Djava.import.generatesMetadataFilesAtProjectRoot=false -DDetectVMInstallationsJob.disabled=true -Dfile.encoding=utf8 -XX:+UseParallelGC -XX:GCTimeRatio=4 -XX:AdaptiveSizePolicyWeight=90 -Dsun.zip.disableMemoryMapping=true -Xmx2G -Xms100m -Xlog:disable -javaagent:c:\Users\pc\.antigravity-ide\extensions\redhat.java-1.55.0-win32-x64\lombok\lombok-1.18.39-4050.jar -XX:+HeapDumpOnOutOfMemoryError -XX:HeapDumpPath=c:\Users\pc\AppData\Roaming\Antigravity IDE\User\workspaceStorage\1c9107a3b8c3711efd8498c95f3e6d0a\redhat.java -Daether.dependencyCollector.impl=bf c:\Users\pc\.antigravity-ide\extensions\redhat.java-1.55.0-win32-x64\server\plugins\org.eclipse.equinox.launcher_1.7.200.v20260619-2039.jar -configuration c:\Users\pc\AppData\Roaming\Antigravity IDE\User\globalStorage\redhat.java\1.55.0\config_win -data c:\Users\pc\AppData\Roaming\Antigravity IDE\User\workspaceStorage\1c9107a3b8c3711efd8498c95f3e6d0a\redhat.java\jdt_ws --pipe=\\.\pipe\lsp-277abbfd7b9f9127da73dfc23d0bbb5c-sock

Host: AMD Ryzen 7 5700U with Radeon Graphics         , 16 cores, 11G,  Windows 11 , 64 bit Build 26100 (10.0.26100.8875)
Time: Mon Aug  3 00:45:24 2026 elapsed time: 6161.937066 seconds (0d 1h 42m 41s)

---------------  T H R E A D  ---------------

Current thread (0x00000266ee71edf0):  JavaThread "Attach Listener" daemon [_thread_in_vm, id=23720, stack(0x000000ee35600000,0x000000ee35700000) (1024K)]

Stack: [0x000000ee35600000,0x000000ee35700000]
Native frames: (J=compiled Java code, j=interpreted, Vv=VM code, C=native code)
V  [jvm.dll+0x6d7e19]
V  [jvm.dll+0x8b5096]
V  [jvm.dll+0x8b764e]
V  [jvm.dll+0x8b7d33]
V  [jvm.dll+0x284596]
V  [jvm.dll+0xc13c7]
V  [jvm.dll+0x6d86c9]
V  [jvm.dll+0x133616]
V  [jvm.dll+0x3f868e]
V  [jvm.dll+0x85fb0d]
V  [jvm.dll+0x6d664d]
C  [ucrtbase.dll+0x2cd30]
C  [KERNEL32.DLL+0x2e957]
C  [ntdll.dll+0xaad6c]


---------------  P R O C E S S  ---------------

Threads class SMR info:
_java_thread_list=0x00000266f8bfa7d0, length=50, elements={
0x00000266d67addb0, 0x00000266ee718390, 0x00000266d675e5c0, 0x00000266ee71e030,
0x00000266ee71edf0, 0x00000266ee723120, 0x00000266ee72c6b0, 0x00000266ee732a00,
0x00000266ee736940, 0x00000266ee966740, 0x00000266eea791d0, 0x00000266f46f15b0,
0x00000266ee831280, 0x00000266f49994a0, 0x00000266f47c2c60, 0x00000266ee7c0b50,
0x00000266f4d33220, 0x00000266f49ed790, 0x00000266eea8ce20, 0x00000266eea8f580,
0x00000266f574a0c0, 0x00000266f574ade0, 0x00000266f574bb00, 0x00000266f574c190,
0x00000266f5748d10, 0x00000266f5749a30, 0x00000266f574c820, 0x00000266f57493a0,
0x00000266f574ceb0, 0x00000266f574d540, 0x00000266f574dbd0, 0x00000266f574a750,
0x00000266f574e260, 0x00000266f574e8f0, 0x00000266f574b470, 0x00000266f574f610,
0x00000266f574ef80, 0x00000266f574fca0, 0x00000266f733b790, 0x00000266f733be20,
0x00000266f733d860, 0x00000266f80fbe70, 0x00000266f80fc500, 0x00000266f80fd220,
0x00000266f80fd8b0, 0x00000266f733e580, 0x00000266f733def0, 0x00000266f733f2a0,
0x00000266f733f930, 0x00000266f9a0f6f0
}

Java Threads: ( => current thread )
  0x00000266d67addb0 JavaThread "main"                              [_thread_blocked, id=20820, stack(0x000000ee34f00000,0x000000ee35000000) (1024K)]
  0x00000266ee718390 JavaThread "Reference Handler"          daemon [_thread_blocked, id=17952, stack(0x000000ee35300000,0x000000ee35400000) (1024K)]
  0x00000266d675e5c0 JavaThread "Finalizer"                  daemon [_thread_blocked, id=25916, stack(0x000000ee35400000,0x000000ee35500000) (1024K)]
  0x00000266ee71e030 JavaThread "Signal Dispatcher"          daemon [_thread_blocked, id=15840, stack(0x000000ee35500000,0x000000ee35600000) (1024K)]
=>0x00000266ee71edf0 JavaThread "Attach Listener"            daemon [_thread_in_vm, id=23720, stack(0x000000ee35600000,0x000000ee35700000) (1024K)]
  0x00000266ee723120 JavaThread "Service Thread"             daemon [_thread_blocked, id=23856, stack(0x000000ee35700000,0x000000ee35800000) (1024K)]
  0x00000266ee72c6b0 JavaThread "Monitor Deflation Thread"   daemon [_thread_blocked, id=15444, stack(0x000000ee35800000,0x000000ee35900000) (1024K)]
  0x00000266ee732a00 JavaThread "C2 CompilerThread0"         daemon [_thread_blocked, id=11924, stack(0x000000ee35900000,0x000000ee35a00000) (1024K)]
  0x00000266ee736940 JavaThread "C1 CompilerThread0"         daemon [_thread_blocked, id=9036, stack(0x000000ee35a00000,0x000000ee35b00000) (1024K)]
  0x00000266ee966740 JavaThread "Common-Cleaner"             daemon [_thread_blocked, id=24744, stack(0x000000ee35e00000,0x000000ee35f00000) (1024K)]
  0x00000266eea791d0 JavaThread "Notification Thread"        daemon [_thread_blocked, id=23776, stack(0x000000ee35f00000,0x000000ee36000000) (1024K)]
  0x00000266f46f15b0 JavaThread "Active Thread: Equinox Container: b2683720-e4c9-45bd-964b-9ac39e42259d"        [_thread_blocked, id=27408, stack(0x000000ee36800000,0x000000ee36900000) (1024K)]
  0x00000266ee831280 JavaThread "Refresh Thread: Equinox Container: b2683720-e4c9-45bd-964b-9ac39e42259d" daemon [_thread_blocked, id=2724, stack(0x000000ee35b00000,0x000000ee35c00000) (1024K)]
  0x00000266f49994a0 JavaThread "Framework Event Dispatcher: Equinox Container: b2683720-e4c9-45bd-964b-9ac39e42259d" daemon [_thread_blocked, id=14596, stack(0x000000ee35c00000,0x000000ee35d00000) (1024K)]
  0x00000266f47c2c60 JavaThread "Start Level: Equinox Container: b2683720-e4c9-45bd-964b-9ac39e42259d" daemon [_thread_blocked, id=24884, stack(0x000000ee35d00000,0x000000ee35e00000) (1024K)]
  0x00000266ee7c0b50 JavaThread "Bundle File Closer"         daemon [_thread_blocked, id=21668, stack(0x000000ee36c00000,0x000000ee36d00000) (1024K)]
  0x00000266f4d33220 JavaThread "SCR Component Actor"        daemon [_thread_blocked, id=3984, stack(0x000000ee36d00000,0x000000ee36e00000) (1024K)]
  0x00000266f49ed790 JavaThread "Worker-JM"                         [_thread_blocked, id=15712, stack(0x000000ee37200000,0x000000ee37300000) (1024K)]
  0x00000266eea8ce20 JavaThread "JNA Cleaner"                daemon [_thread_blocked, id=20556, stack(0x000000ee37500000,0x000000ee37600000) (1024K)]
  0x00000266eea8f580 JavaThread "Java indexing"              daemon [_thread_blocked, id=13532, stack(0x000000ee37900000,0x000000ee37a00000) (1024K)]
  0x00000266f574a0c0 JavaThread "Worker-4"                          [_thread_blocked, id=29348, stack(0x000000ee37c00000,0x000000ee37d00000) (1024K)]
  0x00000266f574ade0 JavaThread "Thread-1"                   daemon [_thread_in_native, id=19652, stack(0x000000ee37d00000,0x000000ee37e00000) (1024K)]
  0x00000266f574bb00 JavaThread "Thread-2"                   daemon [_thread_in_native, id=22436, stack(0x000000ee37e00000,0x000000ee37f00000) (1024K)]
  0x00000266f574c190 JavaThread "Thread-3"                   daemon [_thread_in_native, id=1716, stack(0x000000ee37f00000,0x000000ee38000000) (1024K)]
  0x00000266f5748d10 JavaThread "Thread-4"                   daemon [_thread_in_native, id=17744, stack(0x000000ee38000000,0x000000ee38100000) (1024K)]
  0x00000266f5749a30 JavaThread "Thread-5"                   daemon [_thread_in_native, id=10616, stack(0x000000ee38100000,0x000000ee38200000) (1024K)]
  0x00000266f574c820 JavaThread "Thread-6"                   daemon [_thread_in_native, id=5612, stack(0x000000ee38200000,0x000000ee38300000) (1024K)]
  0x00000266f57493a0 JavaThread "Thread-7"                   daemon [_thread_in_native, id=7872, stack(0x000000ee38300000,0x000000ee38400000) (1024K)]
  0x00000266f574ceb0 JavaThread "Thread-8"                   daemon [_thread_in_native, id=1756, stack(0x000000ee38400000,0x000000ee38500000) (1024K)]
  0x00000266f574d540 JavaThread "Thread-9"                   daemon [_thread_in_native, id=26220, stack(0x000000ee38500000,0x000000ee38600000) (1024K)]
  0x00000266f574dbd0 JavaThread "Thread-10"                  daemon [_thread_in_native, id=14776, stack(0x000000ee38600000,0x000000ee38700000) (1024K)]
  0x00000266f574a750 JavaThread "Thread-11"                  daemon [_thread_in_native, id=7440, stack(0x000000ee38700000,0x000000ee38800000) (1024K)]
  0x00000266f574e260 JavaThread "Thread-12"                  daemon [_thread_in_native, id=19116, stack(0x000000ee38800000,0x000000ee38900000) (1024K)]
  0x00000266f574e8f0 JavaThread "Thread-13"                  daemon [_thread_in_native, id=6536, stack(0x000000ee38900000,0x000000ee38a00000) (1024K)]
  0x00000266f574b470 JavaThread "Thread-14"                  daemon [_thread_in_native, id=21192, stack(0x000000ee38a00000,0x000000ee38b00000) (1024K)]
  0x00000266f574f610 JavaThread "Thread-15"                  daemon [_thread_in_native, id=23724, stack(0x000000ee38b00000,0x000000ee38c00000) (1024K)]
  0x00000266f574ef80 JavaThread "Thread-16"                  daemon [_thread_in_native, id=15896, stack(0x000000ee38c00000,0x000000ee38d00000) (1024K)]
  0x00000266f574fca0 JavaThread "Thread-17"                  daemon [_thread_in_native, id=28092, stack(0x000000ee38d00000,0x000000ee38e00000) (1024K)]
  0x00000266f733b790 JavaThread "pool-2-thread-1"                   [_thread_blocked, id=26292, stack(0x000000ee38e00000,0x000000ee38f00000) (1024K)]
  0x00000266f733be20 JavaThread "WorkspaceEventsHandler"            [_thread_blocked, id=24244, stack(0x000000ee38f00000,0x000000ee39000000) (1024K)]
  0x00000266f733d860 JavaThread "pool-1-thread-1"                   [_thread_blocked, id=24972, stack(0x000000ee39000000,0x000000ee39100000) (1024K)]
  0x00000266f80fbe70 JavaThread "LocalFile Deleter"          daemon [_thread_blocked, id=24188, stack(0x000000ee36f00000,0x000000ee37000000) (1024K)]
  0x00000266f80fc500 JavaThread "LocalFile Deleter"          daemon [_thread_blocked, id=26276, stack(0x000000ee37000000,0x000000ee37100000) (1024K)]
  0x00000266f80fd220 JavaThread "LocalFile Deleter"          daemon [_thread_blocked, id=20344, stack(0x000000ee37300000,0x000000ee37400000) (1024K)]
  0x00000266f80fd8b0 JavaThread "LocalFile Deleter"          daemon [_thread_blocked, id=452, stack(0x000000ee37600000,0x000000ee37700000) (1024K)]
  0x00000266f733e580 JavaThread "LocalFile Deleter"          daemon [_thread_blocked, id=22212, stack(0x000000ee37700000,0x000000ee37800000) (1024K)]
  0x00000266f733def0 JavaThread "LocalFile Deleter"          daemon [_thread_blocked, id=28356, stack(0x000000ee39100000,0x000000ee39200000) (1024K)]
  0x00000266f733f2a0 JavaThread "LocalFile Deleter"          daemon [_thread_blocked, id=25280, stack(0x000000ee39200000,0x000000ee39300000) (1024K)]
  0x00000266f733f930 JavaThread "LocalFile Deleter"          daemon [_thread_blocked, id=25156, stack(0x000000ee39300000,0x000000ee39400000) (1024K)]
  0x00000266f9a0f6f0 JavaThread "Worker-7"                          [_thread_blocked, id=10844, stack(0x000000ee3a600000,0x000000ee3a700000) (1024K)]
Total: 50

Other Threads:
  0x00000266ee7132d0 VMThread "VM Thread"                           [id=13980, stack(0x000000ee35200000,0x000000ee35300000) (1024K)]
  0x00000266d663ca00 WatcherThread "VM Periodic Task Thread"        [id=6484, stack(0x000000ee35100000,0x000000ee35200000) (1024K)]
  0x00000266d67cba00 WorkerThread "GC Thread#0"                     [id=24040, stack(0x000000ee35000000,0x000000ee35100000) (1024K)]
  0x00000266f402a5d0 WorkerThread "GC Thread#1"                     [id=24928, stack(0x000000ee36200000,0x000000ee36300000) (1024K)]
  0x00000266f42db340 WorkerThread "GC Thread#2"                     [id=23088, stack(0x000000ee36300000,0x000000ee36400000) (1024K)]
  0x00000266f45d7440 WorkerThread "GC Thread#3"                     [id=23740, stack(0x000000ee36400000,0x000000ee36500000) (1024K)]
  0x00000266f45d77f0 WorkerThread "GC Thread#4"                     [id=11440, stack(0x000000ee36500000,0x000000ee36600000) (1024K)]
  0x00000266f45d7ba0 WorkerThread "GC Thread#5"                     [id=6948, stack(0x000000ee36600000,0x000000ee36700000) (1024K)]
  0x00000266f4616fd0 WorkerThread "GC Thread#6"                     [id=9588, stack(0x000000ee36700000,0x000000ee36800000) (1024K)]
  0x00000266f465a9e0 WorkerThread "GC Thread#7"                     [id=29680, stack(0x000000ee36900000,0x000000ee36a00000) (1024K)]
  0x00000266f4659010 WorkerThread "GC Thread#8"                     [id=22684, stack(0x000000ee36000000,0x000000ee36100000) (1024K)]
  0x00000266f465a630 WorkerThread "GC Thread#9"                     [id=28784, stack(0x000000ee36a00000,0x000000ee36b00000) (1024K)]
  0x00000266f4659770 WorkerThread "GC Thread#10"                    [id=6800, stack(0x000000ee36b00000,0x000000ee36c00000) (1024K)]
  0x00000266f4659b20 WorkerThread "GC Thread#11"                    [id=19252, stack(0x000000ee36e00000,0x000000ee36f00000) (1024K)]
  0x00000266f49420f0 WorkerThread "GC Thread#12"                    [id=19860, stack(0x000000ee37400000,0x000000ee37500000) (1024K)]
Total: 15

Threads with active compile tasks:
Total: 0

VM state: not at safepoint (normal execution)

VM Mutex/Monitor currently owned by a thread: None

Heap address: 0x0000000080000000, size: 2048 MB, Compressed Oops mode: 32-bit

CDS archive(s) mapped at: [0x0000026680000000-0x0000026680ba0000-0x0000026680ba0000), size 12189696, SharedBaseAddress: 0x0000026680000000, ArchiveRelocationMode: 1.
Compressed class space mapped at: 0x0000026681000000-0x00000266c1000000, reserved size: 1073741824
Narrow klass base: 0x0000026680000000, Narrow klass shift: 0, Narrow klass range: 0x100000000

GC Precious Log:
 CardTable entry size: 512
 CPUs: 16 total, 16 available
 Memory: 11597M
 Large Page Support: Disabled
 NUMA Support: Disabled
 Compressed Oops: Enabled (32-bit)
 Alignments: Space 512K, Generation 512K, Heap 2M
 Heap Min Capacity: 100M
 Heap Initial Capacity: 100M
 Heap Max Capacity: 2G
 Pre-touch: Disabled
 Parallel Workers: 13

Heap:
 PSYoungGen      total 5120K, used 4582K [0x00000000d5580000, 0x00000000d5e00000, 0x0000000100000000)
  eden space 4608K, 93% used [0x00000000d5580000,0x00000000d59b99f8,0x00000000d5a00000)
  from space 512K, 50% used [0x00000000d5d80000,0x00000000d5dc0000,0x00000000d5e00000)
  to   space 512K, 0% used [0x00000000d5d00000,0x00000000d5d00000,0x00000000d5d80000)
 ParOldGen       total 117248K, used 116901K [0x0000000080000000, 0x0000000087280000, 0x00000000d5580000)
  object space 117248K, 99% used [0x0000000080000000,0x00000000872294e8,0x0000000087280000)
 Metaspace       used 73835K, committed 75456K, reserved 1179648K
  class space    used 7649K, committed 8320K, reserved 1048576K

Card table byte_map: [0x00000266d6150000,0x00000266d6560000] _byte_map_base: 0x00000266d5d50000

Marking Bits: (ParMarkBitMap*) 0x00007ffc5ec04460
 Begin Bits: [0x00000266e8c60000, 0x00000266eac60000)
 End Bits:   [0x00000266eac60000, 0x00000266ecc60000)

Polling page: 0x00000266d4510000

Metaspace:

Usage:
  Non-class:     64.63 MB used.
      Class:      7.47 MB used.
       Both:     72.10 MB used.

Virtual space:
  Non-class space:      128.00 MB reserved,      65.56 MB ( 51%) committed,  2 nodes.
      Class space:        1.00 GB reserved,       8.12 MB ( <1%) committed,  1 nodes.
             Both:        1.12 GB reserved,      73.69 MB (  6%) committed. 

Chunk freelists:
   Non-Class:  14.48 MB
       Class:  7.92 MB
        Both:  22.41 MB

MaxMetaspaceSize: unlimited
CompressedClassSpaceSize: 1.00 GB
Initial GC threshold: 21.00 MB
Current GC threshold: 97.31 MB
CDS: on
 - commit_granule_bytes: 65536.
 - commit_granule_words: 8192.
 - virtual_space_node_default_size: 8388608.
 - enlarge_chunks_in_place: 1.
 - use_allocation_guard: 0.


Internal statistics:

num_allocs_failed_limit: 11.
num_arena_births: 1336.
num_arena_deaths: 22.
num_vsnodes_births: 3.
num_vsnodes_deaths: 0.
num_space_committed: 1179.
num_space_uncommitted: 0.
num_chunks_returned_to_freelist: 37.
num_chunks_taken_from_freelist: 4696.
num_chunk_merges: 13.
num_chunk_splits: 2837.
num_chunks_enlarged: 1564.
num_inconsistent_stats: 0.

CodeHeap 'non-profiled nmethods': size=119168Kb used=10138Kb max_used=10138Kb free=109029Kb
 bounds [0x00000266e1550000, 0x00000266e1f40000, 0x00000266e89b0000]
CodeHeap 'profiled nmethods': size=119104Kb used=37335Kb max_used=37335Kb free=81768Kb
 bounds [0x00000266d99b0000, 0x00000266dbe30000, 0x00000266e0e00000]
CodeHeap 'non-nmethods': size=7488Kb used=1477Kb max_used=3257Kb free=6010Kb
 bounds [0x00000266e0e00000, 0x00000266e1170000, 0x00000266e1550000]
CodeCache: size=245760Kb, used=48950Kb, max_used=50730Kb, free=196807Kb
 total_blobs=15901, nmethods=15113, adapters=693, full_count=0
Compilation: enabled, stopped_count=0, restarted_count=0

Compilation events (20 events):
Event: 5974.823 Thread 0x00000266f51f1840 15950       3       org.eclipse.core.internal.dtree.AbstractDataTreeNode::compareWith (364 bytes)
Event: 5974.823 Thread 0x00000266f51f0aa0 15949       3       org.eclipse.core.internal.dtree.DataTreeNode::compareWith (74 bytes)
Event: 5974.824 Thread 0x00000266ee736940 nmethod 15947 0x00000266dbe20d90 code [0x00000266dbe21020, 0x00000266dbe21c88]
Event: 5974.824 Thread 0x00000266f51f0aa0 nmethod 15949 0x00000266dbe22110 code [0x00000266dbe22300, 0x00000266dbe22870]
Event: 5974.824 Thread 0x00000266f51f1840 nmethod 15950 0x00000266dbe22b10 code [0x00000266dbe22e80, 0x00000266dbe24ec0]
Event: 5974.825 Thread 0x00000266f51ee890 15945       4       java.util.Hashtable$Enumerator::nextElement (111 bytes)
Event: 5974.826 Thread 0x00000266f51ee890 nmethod 15945 0x00000266e1f19390 code [0x00000266e1f19520, 0x00000266e1f19618]
Event: 5974.826 Thread 0x00000266f51ee890 15946       4       java.util.Hashtable$Enumerator::next (27 bytes)
Event: 5974.828 Thread 0x00000266f51ee890 nmethod 15946 0x00000266e1f19690 code [0x00000266e1f19820, 0x00000266e1f19950]
Event: 5974.828 Thread 0x00000266f51ee890 15944 %     4       org.lombokweb.asm.ClassReader::readCode @ 2037 (5117 bytes)
Event: 5974.964 Thread 0x00000266ee732a00 nmethod 15916 0x00000266e1f19a90 code [0x00000266e1f1a1e0, 0x00000266e1f1e808]
Event: 5974.964 Thread 0x00000266ee732a00 15948       4       org.eclipse.jdt.internal.core.ExternalFoldersManager::getFolder (14 bytes)
Event: 5974.967 Thread 0x00000266ee732a00 nmethod 15948 0x00000266e1f24490 code [0x00000266e1f24640, 0x00000266e1f24a30]
Event: 5974.967 Thread 0x00000266ee732a00 15934       4       java.lang.String::valueOf (9 bytes)
Event: 5974.971 Thread 0x00000266ee732a00 nmethod 15934 0x00000266e1f24c10 code [0x00000266e1f24dc0, 0x00000266e1f25338]
Event: 5975.173 Thread 0x00000266f51ee890 nmethod 15944% 0x00000266e1f25590 code [0x00000266e1f25ca0, 0x00000266e1f2fa98]
Event: 5975.173 Thread 0x00000266ee732a00 15951       4       jdk.internal.misc.CarrierThreadLocal::get (10 bytes)
Event: 5975.175 Thread 0x00000266ee732a00 nmethod 15951 0x00000266e1f36510 code [0x00000266e1f366c0, 0x00000266e1f36840]
Event: 5976.904 Thread 0x00000266ee736940 15952       3       sun.nio.ch.Util::free (13 bytes)
Event: 5976.905 Thread 0x00000266ee736940 nmethod 15952 0x00000266dbe25810 code [0x00000266dbe259e0, 0x00000266dbe25cd8]

GC Heap History (20 events):
Event: 5677.209 GC heap before
{Heap before GC invocations=102 (full 3):
 PSYoungGen      total 6656K, used 6651K [0x00000000d5580000, 0x00000000d7180000, 0x0000000100000000)
  eden space 4608K, 100% used [0x00000000d5580000,0x00000000d5a00000,0x00000000d5a00000)
  from space 2048K, 99% used [0x00000000d6280000,0x00000000d647eec0,0x00000000d6480000)
  to   space 8704K, 0% used [0x00000000d5a00000,0x00000000d5a00000,0x00000000d6280000)
 ParOldGen       total 112128K, used 112112K [0x0000000080000000, 0x0000000086d80000, 0x00000000d5580000)
  object space 112128K, 99% used [0x0000000080000000,0x0000000086d7c050,0x0000000086d80000)
 Metaspace       used 72164K, committed 73536K, reserved 1179648K
  class space    used 7461K, committed 8000K, reserved 1048576K
}
Event: 5677.212 GC heap after
{Heap after GC invocations=102 (full 3):
 PSYoungGen      total 7680K, used 2867K [0x00000000d5580000, 0x00000000d6300000, 0x0000000100000000)
  eden space 4608K, 0% used [0x00000000d5580000,0x00000000d5580000,0x00000000d5a00000)
  from space 3072K, 93% used [0x00000000d5a00000,0x00000000d5ccce80,0x00000000d5d00000)
  to   space 4608K, 0% used [0x00000000d5e80000,0x00000000d5e80000,0x00000000d6300000)
 ParOldGen       total 114176K, used 114141K [0x0000000080000000, 0x0000000086f80000, 0x00000000d5580000)
  object space 114176K, 99% used [0x0000000080000000,0x0000000086f774e8,0x0000000086f80000)
 Metaspace       used 72164K, committed 73536K, reserved 1179648K
  class space    used 7461K, committed 8000K, reserved 1048576K
}
Event: 5677.795 GC heap before
{Heap before GC invocations=103 (full 3):
 PSYoungGen      total 7680K, used 7475K [0x00000000d5580000, 0x00000000d6300000, 0x0000000100000000)
  eden space 4608K, 100% used [0x00000000d5580000,0x00000000d5a00000,0x00000000d5a00000)
  from space 3072K, 93% used [0x00000000d5a00000,0x00000000d5ccce80,0x00000000d5d00000)
  to   space 4608K, 0% used [0x00000000d5e80000,0x00000000d5e80000,0x00000000d6300000)
 ParOldGen       total 114176K, used 114141K [0x0000000080000000, 0x0000000086f80000, 0x00000000d5580000)
  object space 114176K, 99% used [0x0000000080000000,0x0000000086f774e8,0x0000000086f80000)
 Metaspace       used 72300K, committed 73728K, reserved 1179648K
  class space    used 7487K, committed 8064K, reserved 1048576K
}
Event: 5677.798 GC heap after
{Heap after GC invocations=103 (full 3):
 PSYoungGen      total 5632K, used 608K [0x00000000d5580000, 0x00000000d5f80000, 0x0000000100000000)
  eden space 4608K, 0% used [0x00000000d5580000,0x00000000d5580000,0x00000000d5a00000)
  from space 1024K, 59% used [0x00000000d5e80000,0x00000000d5f18000,0x00000000d5f80000)
  to   space 2048K, 0% used [0x00000000d5b80000,0x00000000d5b80000,0x00000000d5d80000)
 ParOldGen       total 114688K, used 114485K [0x0000000080000000, 0x0000000087000000, 0x00000000d5580000)
  object space 114688K, 99% used [0x0000000080000000,0x0000000086fcd4e8,0x0000000087000000)
 Metaspace       used 72300K, committed 73728K, reserved 1179648K
  class space    used 7487K, committed 8064K, reserved 1048576K
}
Event: 5678.391 GC heap before
{Heap before GC invocations=104 (full 3):
 PSYoungGen      total 5632K, used 5216K [0x00000000d5580000, 0x00000000d5f80000, 0x0000000100000000)
  eden space 4608K, 100% used [0x00000000d5580000,0x00000000d5a00000,0x00000000d5a00000)
  from space 1024K, 59% used [0x00000000d5e80000,0x00000000d5f18000,0x00000000d5f80000)
  to   space 2048K, 0% used [0x00000000d5b80000,0x00000000d5b80000,0x00000000d5d80000)
 ParOldGen       total 114688K, used 114485K [0x0000000080000000, 0x0000000087000000, 0x00000000d5580000)
  object space 114688K, 99% used [0x0000000080000000,0x0000000086fcd4e8,0x0000000087000000)
 Metaspace       used 72399K, committed 73792K, reserved 1179648K
  class space    used 7502K, committed 8064K, reserved 1048576K
}
Event: 5678.393 GC heap after
{Heap after GC invocations=104 (full 3):
 PSYoungGen      total 6656K, used 672K [0x00000000d5580000, 0x00000000d5f00000, 0x0000000100000000)
  eden space 4608K, 0% used [0x00000000d5580000,0x00000000d5580000,0x00000000d5a00000)
  from space 2048K, 32% used [0x00000000d5b80000,0x00000000d5c28000,0x00000000d5d80000)
  to   space 1024K, 0% used [0x00000000d5e00000,0x00000000d5e00000,0x00000000d5f00000)
 ParOldGen       total 115200K, used 114837K [0x0000000080000000, 0x0000000087080000, 0x00000000d5580000)
  object space 115200K, 99% used [0x0000000080000000,0x00000000870254e8,0x0000000087080000)
 Metaspace       used 72399K, committed 73792K, reserved 1179648K
  class space    used 7502K, committed 8064K, reserved 1048576K
}
Event: 5678.550 GC heap before
{Heap before GC invocations=105 (full 3):
 PSYoungGen      total 6656K, used 5280K [0x00000000d5580000, 0x00000000d5f00000, 0x0000000100000000)
  eden space 4608K, 100% used [0x00000000d5580000,0x00000000d5a00000,0x00000000d5a00000)
  from space 2048K, 32% used [0x00000000d5b80000,0x00000000d5c28000,0x00000000d5d80000)
  to   space 1024K, 0% used [0x00000000d5e00000,0x00000000d5e00000,0x00000000d5f00000)
 ParOldGen       total 115200K, used 114837K [0x0000000080000000, 0x0000000087080000, 0x00000000d5580000)
  object space 115200K, 99% used [0x0000000080000000,0x00000000870254e8,0x0000000087080000)
 Metaspace       used 72590K, committed 74112K, reserved 1179648K
  class space    used 7531K, committed 8128K, reserved 1048576K
}
Event: 5678.552 GC heap after
{Heap after GC invocations=105 (full 3):
 PSYoungGen      total 5632K, used 768K [0x00000000d5580000, 0x00000000d5f00000, 0x0000000100000000)
  eden space 4608K, 0% used [0x00000000d5580000,0x00000000d5580000,0x00000000d5a00000)
  from space 1024K, 75% used [0x00000000d5e00000,0x00000000d5ec0000,0x00000000d5f00000)
  to   space 1024K, 0% used [0x00000000d5d00000,0x00000000d5d00000,0x00000000d5e00000)
 ParOldGen       total 115712K, used 115285K [0x0000000080000000, 0x0000000087100000, 0x00000000d5580000)
  object space 115712K, 99% used [0x0000000080000000,0x00000000870954e8,0x0000000087100000)
 Metaspace       used 72590K, committed 74112K, reserved 1179648K
  class space    used 7531K, committed 8128K, reserved 1048576K
}
Event: 5678.626 GC heap before
{Heap before GC invocations=106 (full 3):
 PSYoungGen      total 5632K, used 5375K [0x00000000d5580000, 0x00000000d5f00000, 0x0000000100000000)
  eden space 4608K, 99% used [0x00000000d5580000,0x00000000d59ffff0,0x00000000d5a00000)
  from space 1024K, 75% used [0x00000000d5e00000,0x00000000d5ec0000,0x00000000d5f00000)
  to   space 1024K, 0% used [0x00000000d5d00000,0x00000000d5d00000,0x00000000d5e00000)
 ParOldGen       total 115712K, used 115285K [0x0000000080000000, 0x0000000087100000, 0x00000000d5580000)
  object space 115712K, 99% used [0x0000000080000000,0x00000000870954e8,0x0000000087100000)
 Metaspace       used 72596K, committed 74112K, reserved 1179648K
  class space    used 7531K, committed 8128K, reserved 1048576K
}
Event: 5678.627 GC heap after
{Heap after GC invocations=106 (full 3):
 PSYoungGen      total 5632K, used 960K [0x00000000d5580000, 0x00000000d5e80000, 0x0000000100000000)
  eden space 4608K, 0% used [0x00000000d5580000,0x00000000d5580000,0x00000000d5a00000)
  from space 1024K, 93% used [0x00000000d5d00000,0x00000000d5df0000,0x00000000d5e00000)
  to   space 512K, 0% used [0x00000000d5e00000,0x00000000d5e00000,0x00000000d5e80000)
 ParOldGen       total 116224K, used 115805K [0x0000000080000000, 0x0000000087180000, 0x00000000d5580000)
  object space 116224K, 99% used [0x0000000080000000,0x00000000871174e8,0x0000000087180000)
 Metaspace       used 72596K, committed 74112K, reserved 1179648K
  class space    used 7531K, committed 8128K, reserved 1048576K
}
Event: 5678.921 GC heap before
{Heap before GC invocations=107 (full 3):
 PSYoungGen      total 5632K, used 5568K [0x00000000d5580000, 0x00000000d5e80000, 0x0000000100000000)
  eden space 4608K, 100% used [0x00000000d5580000,0x00000000d5a00000,0x00000000d5a00000)
  from space 1024K, 93% used [0x00000000d5d00000,0x00000000d5df0000,0x00000000d5e00000)
  to   space 512K, 0% used [0x00000000d5e00000,0x00000000d5e00000,0x00000000d5e80000)
 ParOldGen       total 116224K, used 115805K [0x0000000080000000, 0x0000000087180000, 0x00000000d5580000)
  object space 116224K, 99% used [0x0000000080000000,0x00000000871174e8,0x0000000087180000)
 Metaspace       used 72704K, committed 74176K, reserved 1179648K
  class space    used 7547K, committed 8128K, reserved 1048576K
}
Event: 5678.922 GC heap after
{Heap after GC invocations=107 (full 3):
 PSYoungGen      total 5120K, used 480K [0x00000000d5580000, 0x00000000d5e80000, 0x0000000100000000)
  eden space 4608K, 0% used [0x00000000d5580000,0x00000000d5580000,0x00000000d5a00000)
  from space 512K, 93% used [0x00000000d5e00000,0x00000000d5e78000,0x00000000d5e80000)
  to   space 1024K, 0% used [0x00000000d5c80000,0x00000000d5c80000,0x00000000d5d80000)
 ParOldGen       total 116224K, used 116125K [0x0000000080000000, 0x0000000087180000, 0x00000000d5580000)
  object space 116224K, 99% used [0x0000000080000000,0x00000000871674e8,0x0000000087180000)
 Metaspace       used 72704K, committed 74176K, reserved 1179648K
  class space    used 7547K, committed 8128K, reserved 1048576K
}
Event: 5679.026 GC heap before
{Heap before GC invocations=108 (full 3):
 PSYoungGen      total 5120K, used 5087K [0x00000000d5580000, 0x00000000d5e80000, 0x0000000100000000)
  eden space 4608K, 99% used [0x00000000d5580000,0x00000000d59fffd0,0x00000000d5a00000)
  from space 512K, 93% used [0x00000000d5e00000,0x00000000d5e78000,0x00000000d5e80000)
  to   space 1024K, 0% used [0x00000000d5c80000,0x00000000d5c80000,0x00000000d5d80000)
 ParOldGen       total 116224K, used 116125K [0x0000000080000000, 0x0000000087180000, 0x00000000d5580000)
  object space 116224K, 99% used [0x0000000080000000,0x00000000871674e8,0x0000000087180000)
 Metaspace       used 73164K, committed 74688K, reserved 1179648K
  class space    used 7593K, committed 8192K, reserved 1048576K
}
Event: 5679.029 GC heap after
{Heap after GC invocations=108 (full 3):
 PSYoungGen      total 5632K, used 549K [0x00000000d5580000, 0x00000000d5e80000, 0x0000000100000000)
  eden space 4608K, 0% used [0x00000000d5580000,0x00000000d5580000,0x00000000d5a00000)
  from space 1024K, 53% used [0x00000000d5c80000,0x00000000d5d09420,0x00000000d5d80000)
  to   space 1024K, 0% used [0x00000000d5d80000,0x00000000d5d80000,0x00000000d5e80000)
 ParOldGen       total 116736K, used 116363K [0x0000000080000000, 0x0000000087200000, 0x00000000d5580000)
  object space 116736K, 99% used [0x0000000080000000,0x00000000871a2c10,0x0000000087200000)
 Metaspace       used 73164K, committed 74688K, reserved 1179648K
  class space    used 7593K, committed 8192K, reserved 1048576K
}
Event: 5679.498 GC heap before
{Heap before GC invocations=109 (full 3):
 PSYoungGen      total 5632K, used 5157K [0x00000000d5580000, 0x00000000d5e80000, 0x0000000100000000)
  eden space 4608K, 100% used [0x00000000d5580000,0x00000000d5a00000,0x00000000d5a00000)
  from space 1024K, 53% used [0x00000000d5c80000,0x00000000d5d09420,0x00000000d5d80000)
  to   space 1024K, 0% used [0x00000000d5d80000,0x00000000d5d80000,0x00000000d5e80000)
 ParOldGen       total 116736K, used 116363K [0x0000000080000000, 0x0000000087200000, 0x00000000d5580000)
  object space 116736K, 99% used [0x0000000080000000,0x00000000871a2c10,0x0000000087200000)
 Metaspace       used 73396K, committed 74944K, reserved 1179648K
  class space    used 7616K, committed 8256K, reserved 1048576K
}
Event: 5679.500 GC heap after
{Heap after GC invocations=109 (full 3):
 PSYoungGen      total 5120K, used 468K [0x00000000d5580000, 0x00000000d5e00000, 0x0000000100000000)
  eden space 4608K, 0% used [0x00000000d5580000,0x00000000d5580000,0x00000000d5a00000)
  from space 512K, 91% used [0x00000000d5d80000,0x00000000d5df5200,0x00000000d5e00000)
  to   space 512K, 0% used [0x00000000d5d00000,0x00000000d5d00000,0x00000000d5d80000)
 ParOldGen       total 116736K, used 116669K [0x0000000080000000, 0x0000000087200000, 0x00000000d5580000)
  object space 116736K, 99% used [0x0000000080000000,0x00000000871ef4d8,0x0000000087200000)
 Metaspace       used 73396K, committed 74944K, reserved 1179648K
  class space    used 7616K, committed 8256K, reserved 1048576K
}
Event: 5679.598 GC heap before
{Heap before GC invocations=110 (full 3):
 PSYoungGen      total 5120K, used 5067K [0x00000000d5580000, 0x00000000d5e00000, 0x0000000100000000)
  eden space 4608K, 99% used [0x00000000d5580000,0x00000000d59fdb20,0x00000000d5a00000)
  from space 512K, 91% used [0x00000000d5d80000,0x00000000d5df5200,0x00000000d5e00000)
  to   space 512K, 0% used [0x00000000d5d00000,0x00000000d5d00000,0x00000000d5d80000)
 ParOldGen       total 116736K, used 116669K [0x0000000080000000, 0x0000000087200000, 0x00000000d5580000)
  object space 116736K, 99% used [0x0000000080000000,0x00000000871ef4d8,0x0000000087200000)
 Metaspace       used 73450K, committed 74944K, reserved 1179648K
  class space    used 7616K, committed 8256K, reserved 1048576K
}
Event: 5679.599 GC heap after
{Heap after GC invocations=110 (full 3):
 PSYoungGen      total 5120K, used 288K [0x00000000d5580000, 0x00000000d5e00000, 0x0000000100000000)
  eden space 4608K, 0% used [0x00000000d5580000,0x00000000d5580000,0x00000000d5a00000)
  from space 512K, 56% used [0x00000000d5d00000,0x00000000d5d48000,0x00000000d5d80000)
  to   space 512K, 0% used [0x00000000d5d80000,0x00000000d5d80000,0x00000000d5e00000)
 ParOldGen       total 117248K, used 116829K [0x0000000080000000, 0x0000000087280000, 0x00000000d5580000)
  object space 117248K, 99% used [0x0000000080000000,0x00000000872174e8,0x0000000087280000)
 Metaspace       used 73450K, committed 74944K, reserved 1179648K
  class space    used 7616K, committed 8256K, reserved 1048576K
}
Event: 5681.245 GC heap before
{Heap before GC invocations=111 (full 3):
 PSYoungGen      total 5120K, used 4895K [0x00000000d5580000, 0x00000000d5e00000, 0x0000000100000000)
  eden space 4608K, 99% used [0x00000000d5580000,0x00000000d59ffff0,0x00000000d5a00000)
  from space 512K, 56% used [0x00000000d5d00000,0x00000000d5d48000,0x00000000d5d80000)
  to   space 512K, 0% used [0x00000000d5d80000,0x00000000d5d80000,0x00000000d5e00000)
 ParOldGen       total 117248K, used 116829K [0x0000000080000000, 0x0000000087280000, 0x00000000d5580000)
  object space 117248K, 99% used [0x0000000080000000,0x00000000872174e8,0x0000000087280000)
 Metaspace       used 73485K, committed 75008K, reserved 1179648K
  class space    used 7616K, committed 8256K, reserved 1048576K
}
Event: 5681.246 GC heap after
{Heap after GC invocations=111 (full 3):
 PSYoungGen      total 5120K, used 256K [0x00000000d5580000, 0x00000000d5e00000, 0x0000000100000000)
  eden space 4608K, 0% used [0x00000000d5580000,0x00000000d5580000,0x00000000d5a00000)
  from space 512K, 50% used [0x00000000d5d80000,0x00000000d5dc0000,0x00000000d5e00000)
  to   space 512K, 0% used [0x00000000d5d00000,0x00000000d5d00000,0x00000000d5d80000)
 ParOldGen       total 117248K, used 116901K [0x0000000080000000, 0x0000000087280000, 0x00000000d5580000)
  object space 117248K, 99% used [0x0000000080000000,0x00000000872294e8,0x0000000087280000)
 Metaspace       used 73485K, committed 75008K, reserved 1179648K
  class space    used 7616K, committed 8256K, reserved 1048576K
}

Dll operation events (12 events):
Event: 0.245 Loaded shared library c:\Users\pc\.antigravity-ide\extensions\redhat.java-1.55.0-win32-x64\jre\21.0.11-win32-x86_64\bin\java.dll
Event: 0.532 Loaded shared library c:\Users\pc\.antigravity-ide\extensions\redhat.java-1.55.0-win32-x64\jre\21.0.11-win32-x86_64\bin\zip.dll
Event: 0.581 Loaded shared library C:\Users\pc\.antigravity-ide\extensions\redhat.java-1.55.0-win32-x64\jre\21.0.11-win32-x86_64\bin\instrument.dll
Event: 0.677 Loaded shared library C:\Users\pc\.antigravity-ide\extensions\redhat.java-1.55.0-win32-x64\jre\21.0.11-win32-x86_64\bin\net.dll
Event: 0.747 Loaded shared library C:\Users\pc\.antigravity-ide\extensions\redhat.java-1.55.0-win32-x64\jre\21.0.11-win32-x86_64\bin\nio.dll
Event: 0.754 Loaded shared library C:\Users\pc\.antigravity-ide\extensions\redhat.java-1.55.0-win32-x64\jre\21.0.11-win32-x86_64\bin\zip.dll
Event: 0.798 Loaded shared library C:\Users\pc\.antigravity-ide\extensions\redhat.java-1.55.0-win32-x64\jre\21.0.11-win32-x86_64\bin\jimage.dll
Event: 1.086 Loaded shared library c:\Users\pc\.antigravity-ide\extensions\redhat.java-1.55.0-win32-x64\jre\21.0.11-win32-x86_64\bin\verify.dll
Event: 14.262 Loaded shared library C:\Users\pc\AppData\Roaming\Antigravity IDE\User\globalStorage\redhat.java\1.55.0\config_win\org.eclipse.equinox.launcher\org.eclipse.equinox.launcher.win32.win32.x86_64_1.3.100.v20260613-0559\eclipse_11924.dll
Event: 29.923 Loaded shared library C:\Users\pc\AppData\Local\Temp\jna-3571\jna9896578342843777786.dll
Event: 32.980 Loaded shared library C:\Users\pc\.antigravity-ide\extensions\redhat.java-1.55.0-win32-x64\jre\21.0.11-win32-x86_64\bin\sunmscapi.dll
Event: 33.944 Loaded shared library C:\Users\pc\.antigravity-ide\extensions\redhat.java-1.55.0-win32-x64\jre\21.0.11-win32-x86_64\bin\extnet.dll

Deoptimization events (20 events):
Event: 5974.632 Thread 0x00000266f9a0f6f0 Uncommon trap: trap_request=0xffffffde fr.pc=0x00000266e17974f4 relative=0x00000000000003b4
Event: 5974.632 Thread 0x00000266f9a0f6f0 Uncommon trap: reason=class_check action=maybe_recompile pc=0x00000266e17974f4 method=java.io.DataOutputStream.writeInt(I)V @ 19 c2
Event: 5974.632 Thread 0x00000266f9a0f6f0 DEOPT PACKING pc=0x00000266e17974f4 sp=0x000000ee3a6fd710
Event: 5974.632 Thread 0x00000266f9a0f6f0 DEOPT UNPACKING pc=0x00000266e0e53aa2 sp=0x000000ee3a6fd6b8 mode 2
Event: 5974.643 Thread 0x00000266f9a0f6f0 Uncommon trap: trap_request=0xffffffde fr.pc=0x00000266e1bc5e3c relative=0x0000000000000afc
Event: 5974.643 Thread 0x00000266f9a0f6f0 Uncommon trap: reason=class_check action=maybe_recompile pc=0x00000266e1bc5e3c method=java.io.DataOutputStream.write([BII)V @ 7 c2
Event: 5974.643 Thread 0x00000266f9a0f6f0 DEOPT PACKING pc=0x00000266e1bc5e3c sp=0x000000ee3a6febd0
Event: 5974.643 Thread 0x00000266f9a0f6f0 DEOPT UNPACKING pc=0x00000266e0e53aa2 sp=0x000000ee3a6feb00 mode 2
Event: 5974.643 Thread 0x00000266f9a0f6f0 Uncommon trap: trap_request=0xffffffde fr.pc=0x00000266e1bc5e3c relative=0x0000000000000afc
Event: 5974.643 Thread 0x00000266f9a0f6f0 Uncommon trap: reason=class_check action=maybe_recompile pc=0x00000266e1bc5e3c method=java.io.DataOutputStream.write([BII)V @ 7 c2
Event: 5974.643 Thread 0x00000266f9a0f6f0 DEOPT PACKING pc=0x00000266e1bc5e3c sp=0x000000ee3a6feb10
Event: 5974.643 Thread 0x00000266f9a0f6f0 DEOPT UNPACKING pc=0x00000266e0e53aa2 sp=0x000000ee3a6fea40 mode 2
Event: 5974.643 Thread 0x00000266f9a0f6f0 Uncommon trap: trap_request=0xffffffde fr.pc=0x00000266e1bc5e3c relative=0x0000000000000afc
Event: 5974.643 Thread 0x00000266f9a0f6f0 Uncommon trap: reason=class_check action=maybe_recompile pc=0x00000266e1bc5e3c method=java.io.DataOutputStream.write([BII)V @ 7 c2
Event: 5974.643 Thread 0x00000266f9a0f6f0 DEOPT PACKING pc=0x00000266e1bc5e3c sp=0x000000ee3a6fea60
Event: 5974.643 Thread 0x00000266f9a0f6f0 DEOPT UNPACKING pc=0x00000266e0e53aa2 sp=0x000000ee3a6fe990 mode 2
Event: 5974.643 Thread 0x00000266f9a0f6f0 Uncommon trap: trap_request=0xffffffde fr.pc=0x00000266e1648b9c relative=0x000000000000087c
Event: 5974.643 Thread 0x00000266f9a0f6f0 Uncommon trap: reason=class_check action=maybe_recompile pc=0x00000266e1648b9c method=java.io.DataOutputStream.write([BII)V @ 7 c2
Event: 5974.643 Thread 0x00000266f9a0f6f0 DEOPT PACKING pc=0x00000266e1648b9c sp=0x000000ee3a6fe560
Event: 5974.643 Thread 0x00000266f9a0f6f0 DEOPT UNPACKING pc=0x00000266e0e53aa2 sp=0x000000ee3a6fe480 mode 2

Classes loaded (20 events):
Event: 5679.053 Loading class java/nio/file/attribute/PosixFileAttributes
Event: 5679.054 Loading class java/nio/file/attribute/PosixFileAttributes done
Event: 5679.152 Loading class java/util/ImmutableCollections$SubList
Event: 5679.153 Loading class java/util/ImmutableCollections$SubList done
Event: 5974.534 Loading class java/util/stream/Nodes$CollectorTask$OfRef
Event: 5974.536 Loading class java/util/stream/Nodes$CollectorTask
Event: 5974.538 Loading class java/util/stream/Nodes$CollectorTask done
Event: 5974.538 Loading class java/util/stream/Nodes$CollectorTask$OfRef done
Event: 5974.543 Loading class java/util/function/LongFunction
Event: 5974.543 Loading class java/util/function/LongFunction done
Event: 5974.544 Loading class java/util/stream/Nodes$ConcNode
Event: 5974.545 Loading class java/util/stream/Nodes$AbstractConcNode
Event: 5974.547 Loading class java/util/stream/Nodes$AbstractConcNode done
Event: 5974.547 Loading class java/util/stream/Nodes$ConcNode done
Event: 5974.583 Loading class java/io/ObjectOutputStream$BlockDataOutputStream
Event: 5974.584 Loading class java/io/ObjectOutputStream$BlockDataOutputStream done
Event: 5974.584 Loading class java/io/ObjectOutputStream$HandleTable
Event: 5974.584 Loading class java/io/ObjectOutputStream$HandleTable done
Event: 5974.584 Loading class java/io/ObjectOutputStream$ReplaceTable
Event: 5974.585 Loading class java/io/ObjectOutputStream$ReplaceTable done

Classes unloaded (11 events):
Event: 30.933 Thread 0x00000266ee7132d0 Unloading class 0x00000266811ab000 'java/lang/invoke/LambdaForm$MH+0x00000266811ab000'
Event: 30.933 Thread 0x00000266ee7132d0 Unloading class 0x00000266811aac00 'java/lang/invoke/LambdaForm$MH+0x00000266811aac00'
Event: 30.933 Thread 0x00000266ee7132d0 Unloading class 0x00000266811aa800 'java/lang/invoke/LambdaForm$MH+0x00000266811aa800'
Event: 30.933 Thread 0x00000266ee7132d0 Unloading class 0x00000266811aa400 'java/lang/invoke/LambdaForm$MH+0x00000266811aa400'
Event: 30.933 Thread 0x00000266ee7132d0 Unloading class 0x00000266811aa000 'java/lang/invoke/LambdaForm$BMH+0x00000266811aa000'
Event: 30.933 Thread 0x00000266ee7132d0 Unloading class 0x00000266811a9c00 'java/lang/invoke/LambdaForm$DMH+0x00000266811a9c00'
Event: 30.933 Thread 0x00000266ee7132d0 Unloading class 0x00000266811a8800 'java/lang/invoke/LambdaForm$DMH+0x00000266811a8800'
Event: 51.506 Thread 0x00000266ee7132d0 Unloading class 0x0000026681698c00 'java/lang/invoke/LambdaForm$DMH+0x0000026681698c00'
Event: 51.506 Thread 0x00000266ee7132d0 Unloading class 0x0000026681698400 'java/lang/invoke/LambdaForm$DMH+0x0000026681698400'
Event: 51.506 Thread 0x00000266ee7132d0 Unloading class 0x0000026681698800 'java/lang/invoke/LambdaForm$DMH+0x0000026681698800'
Event: 51.506 Thread 0x00000266ee7132d0 Unloading class 0x0000026681691400 'java/lang/invoke/LambdaForm$DMH+0x0000026681691400'

Classes redefined (0 events):
No events

Internal exceptions (20 events):
Event: 5677.059 Thread 0x00000266f80fcb90 Exception <a 'sun/nio/fs/WindowsException'{0x00000000d5b3e198}> (0x00000000d5b3e198) 
thrown [s\src\hotspot\share\prims\jni.cpp, line 520]
Event: 5677.254 Thread 0x00000266f80f7cd0 Exception <a 'sun/nio/fs/WindowsException'{0x00000000d5842cb0}> (0x00000000d5842cb0) 
thrown [s\src\hotspot\share\prims\jni.cpp, line 520]
Event: 5677.254 Thread 0x00000266f80f7cd0 Exception <a 'sun/nio/fs/WindowsException'{0x00000000d5843300}> (0x00000000d5843300) 
thrown [s\src\hotspot\share\prims\jni.cpp, line 520]
Event: 5677.416 Thread 0x00000266f80f7cd0 Exception <a 'java/lang/NoSuchMethodError'{0x00000000d58a4798}: 'java.lang.Object java.lang.invoke.DirectMethodHandle$Holder.newInvokeSpecial(java.lang.Object, java.lang.Object, int, java.lang.Object, java.lang.Object)'> (0x00000000d58a4798) 
thrown [s\src\hotspot\share\interpreter\linkResolver.cpp, line 773]
Event: 5677.439 Thread 0x00000266f80f7cd0 Exception <a 'java/lang/NoSuchMethodError'{0x00000000d58be5a0}: 'java.lang.Object java.lang.invoke.DirectMethodHandle$Holder.invokeSpecial(java.lang.Object, java.lang.Object, java.lang.Object, int, java.lang.Object, java.lang.Object, java.lang.Object)'> (0x00000000d58be5a0) 
thrown [s\src\hotspot\share\interpreter\linkResolver.cpp, line 773]
Event: 5677.545 Thread 0x00000266f80f7cd0 Exception <a 'java/lang/NoSuchMethodError'{0x00000000d5947168}: 'void java.lang.invoke.DirectMethodHandle$Holder.invokeStatic(java.lang.Object, int)'> (0x00000000d5947168) 
thrown [s\src\hotspot\share\interpreter\linkResolver.cpp, line 773]
Event: 5678.488 Thread 0x00000266f80f7cd0 Exception <a 'java/io/FileNotFoundException'{0x00000000d57be0f0}> (0x00000000d57be0f0) 
thrown [s\src\hotspot\share\prims\jni.cpp, line 520]
Event: 5678.488 Thread 0x00000266f80f7cd0 Exception <a 'java/io/FileNotFoundException'{0x00000000d57bf3d0}> (0x00000000d57bf3d0) 
thrown [s\src\hotspot\share\prims\jni.cpp, line 520]
Event: 5678.488 Thread 0x00000266f80f7cd0 Exception <a 'java/io/FileNotFoundException'{0x00000000d57c07d0}> (0x00000000d57c07d0) 
thrown [s\src\hotspot\share\prims\jni.cpp, line 520]
Event: 5678.539 Thread 0x00000266f80f7cd0 Implicit null exception at 0x00000266e1ade095 to 0x00000266e1ade674
Event: 5678.628 Thread 0x00000266f9a0f060 Implicit null exception at 0x00000266e1e6a78c to 0x00000266e1e6bff4
Event: 5678.629 Thread 0x00000266f9a0f060 Implicit null exception at 0x00000266e1e6a78c to 0x00000266e1e6bff4
Event: 5678.629 Thread 0x00000266f9a0f060 Implicit null exception at 0x00000266e1e6a78c to 0x00000266e1e6bff4
Event: 5678.668 Thread 0x00000266f9a0f060 Implicit null exception at 0x00000266e1e6a78c to 0x00000266e1e6bff4
Event: 5678.781 Thread 0x00000266f80f7cd0 Implicit null exception at 0x00000266e194762f to 0x00000266e19483d8
Event: 5974.569 Thread 0x00000266f9a0f6f0 Exception <a 'sun/nio/fs/WindowsException'{0x00000000d5711998}> (0x00000000d5711998) 
thrown [s\src\hotspot\share\prims\jni.cpp, line 520]
Event: 5974.569 Thread 0x00000266f9a0f6f0 Exception <a 'sun/nio/fs/WindowsException'{0x00000000d5715968}> (0x00000000d5715968) 
thrown [s\src\hotspot\share\prims\jni.cpp, line 520]
Event: 5974.570 Thread 0x00000266f9a0f6f0 Implicit null exception at 0x00000266e1cc9806 to 0x00000266e1cc9b7c
Event: 5974.633 Thread 0x00000266f9a0f6f0 Exception <a 'java/lang/NoSuchMethodError'{0x00000000d57c1d80}: static [J.<clinit>()V> (0x00000000d57c1d80) 
thrown [s\src\hotspot\share\prims\jni.cpp, line 1111]
Event: 5974.648 Thread 0x00000266f9a0f6f0 Exception <a 'java/lang/NoSuchMethodError'{0x00000000d57f8668}: 'java.lang.Object java.lang.invoke.DirectMethodHandle$Holder.newInvokeSpecial(java.lang.Object, java.lang.Object, java.lang.Object, java.lang.Object, java.lang.Object, java.lang.Object, java.lang.Object, java.lang.Object)'> (0x00000000d57f8668) 
thrown [s\src\hotspot\share\interpreter\linkResolver.cpp, line 773]

ZGC Phase Switch (0 events):
No events

VM Operations (20 events):
Event: 5853.500 Executing safepoint VM operation: Cleanup
Event: 5853.500 Executing safepoint VM operation: Cleanup done
Event: 5892.431 Executing non-safepoint VM operation: HandshakeAllThreads (HandshakeForDeflation)
Event: 5892.432 Executing non-safepoint VM operation: HandshakeAllThreads (HandshakeForDeflation) done
Event: 5892.432 Executing non-safepoint VM operation: RendezvousGCThreads
Event: 5892.432 Executing non-safepoint VM operation: RendezvousGCThreads done
Event: 5974.541 Executing non-safepoint VM operation: HandshakeAllThreads (Deoptimize)
Event: 5974.542 Executing non-safepoint VM operation: HandshakeAllThreads (Deoptimize) done
Event: 5974.542 Executing safepoint VM operation: Cleanup
Event: 5974.542 Executing safepoint VM operation: Cleanup done
Event: 5974.661 Executing non-safepoint VM operation: HandshakeAllThreads (Deoptimize)
Event: 5974.661 Executing non-safepoint VM operation: HandshakeAllThreads (Deoptimize) done
Event: 5975.662 Executing safepoint VM operation: Cleanup
Event: 5975.663 Executing safepoint VM operation: Cleanup done
Event: 5977.673 Executing safepoint VM operation: Cleanup
Event: 5977.673 Executing safepoint VM operation: Cleanup done
Event: 6012.533 Executing non-safepoint VM operation: HandshakeAllThreads (HandshakeForDeflation)
Event: 6012.533 Executing non-safepoint VM operation: HandshakeAllThreads (HandshakeForDeflation) done
Event: 6012.533 Executing non-safepoint VM operation: RendezvousGCThreads
Event: 6012.533 Executing non-safepoint VM operation: RendezvousGCThreads done

Memory protections (0 events):
No events

Nmethod flushes (20 events):
Event: 51.533 Thread 0x00000266ee7132d0 flushing  nmethod 0x00000266da324290
Event: 51.533 Thread 0x00000266ee7132d0 flushing  nmethod 0x00000266da326910
Event: 51.533 Thread 0x00000266ee7132d0 flushing  nmethod 0x00000266da350b90
Event: 51.533 Thread 0x00000266ee7132d0 flushing osr nmethod 0x00000266da3a6690
Event: 51.533 Thread 0x00000266ee7132d0 flushing  nmethod 0x00000266da3b3f10
Event: 51.533 Thread 0x00000266ee7132d0 flushing osr nmethod 0x00000266da3b8e10
Event: 51.533 Thread 0x00000266ee7132d0 flushing  nmethod 0x00000266da3c9090
Event: 51.533 Thread 0x00000266ee7132d0 flushing  nmethod 0x00000266da3e2790
Event: 51.533 Thread 0x00000266ee7132d0 flushing  nmethod 0x00000266da3e9f90
Event: 51.533 Thread 0x00000266ee7132d0 flushing  nmethod 0x00000266da3ea310
Event: 51.533 Thread 0x00000266ee7132d0 flushing  nmethod 0x00000266da3ea690
Event: 51.533 Thread 0x00000266ee7132d0 flushing  nmethod 0x00000266da3ee490
Event: 51.533 Thread 0x00000266ee7132d0 flushing  nmethod 0x00000266da410190
Event: 51.533 Thread 0x00000266ee7132d0 flushing  nmethod 0x00000266da410790
Event: 51.533 Thread 0x00000266ee7132d0 flushing  nmethod 0x00000266da410e90
Event: 51.533 Thread 0x00000266ee7132d0 flushing  nmethod 0x00000266da411710
Event: 51.533 Thread 0x00000266ee7132d0 flushing  nmethod 0x00000266da417390
Event: 51.533 Thread 0x00000266ee7132d0 flushing  nmethod 0x00000266da420c10
Event: 51.533 Thread 0x00000266ee7132d0 flushing  nmethod 0x00000266da426610
Event: 51.533 Thread 0x00000266ee7132d0 flushing  nmethod 0x00000266da44a990

Events (20 events):
Event: 5976.858 Thread 0x00000266f73c7fa0 Thread exited: 0x00000266f73c7fa0
Event: 5976.858 Thread 0x00000266f73c8630 Thread exited: 0x00000266f73c8630
Event: 5976.889 Thread 0x00000266f9a0a1a0 Thread exited: 0x00000266f9a0a1a0
Event: 5976.904 Thread 0x00000266f9a0dcb0 Thread exited: 0x00000266f9a0dcb0
Event: 5976.904 Thread 0x00000266f51ee890 Thread exited: 0x00000266f51ee890
Event: 5976.904 Thread 0x00000266f51f1f10 Thread exited: 0x00000266f51f1f10
Event: 5976.904 Thread 0x00000266f51f1840 Thread exited: 0x00000266f51f1840
Event: 5976.934 Thread 0x00000266f9a0b550 Thread exited: 0x00000266f9a0b550
Event: 5976.949 Thread 0x00000266f9a0cf90 Thread exited: 0x00000266f9a0cf90
Event: 5976.950 Thread 0x00000266f9a0c900 Thread exited: 0x00000266f9a0c900
Event: 5976.998 Thread 0x00000266f9a0a830 Thread exited: 0x00000266f9a0a830
Event: 5977.029 Thread 0x00000266f73c7910 Thread exited: 0x00000266f73c7910
Event: 5977.059 Thread 0x00000266f9a0d620 Thread exited: 0x00000266f9a0d620
Event: 5977.078 Thread 0x00000266f73c5ed0 Thread exited: 0x00000266f73c5ed0
Event: 5977.109 Thread 0x00000266f733cb40 Thread exited: 0x00000266f733cb40
Event: 5977.250 Thread 0x00000266f73c4490 Thread exited: 0x00000266f73c4490
Event: 5981.918 Thread 0x00000266f51f0aa0 Thread exited: 0x00000266f51f0aa0
Event: 6037.117 Thread 0x00000266f7340650 Thread exited: 0x00000266f7340650
Event: 6097.130 Thread 0x00000266f733c4b0 Thread exited: 0x00000266f733c4b0
Event: 6157.144 Thread 0x00000266f733d1d0 Thread exited: 0x00000266f733d1d0


Dynamic libraries:
0x00007ff76ffa0000 - 0x00007ff76ffae000 	c:\Users\pc\.antigravity-ide\extensions\redhat.java-1.55.0-win32-x64\jre\21.0.11-win32-x86_64\bin\java.exe
0x00007ffce08c0000 - 0x00007ffce0b26000 	C:\WINDOWS\SYSTEM32\ntdll.dll
0x00007ffcded90000 - 0x00007ffcdee59000 	C:\WINDOWS\System32\KERNEL32.DLL
0x00007ffcddae0000 - 0x00007ffcddede000 	C:\WINDOWS\System32\KERNELBASE.dll
0x00007ffcde310000 - 0x00007ffcde45c000 	C:\WINDOWS\System32\ucrtbase.dll
0x00007ffc9d9c0000 - 0x00007ffc9d9d8000 	c:\Users\pc\.antigravity-ide\extensions\redhat.java-1.55.0-win32-x64\jre\21.0.11-win32-x86_64\bin\jli.dll
0x00007ffc9f300000 - 0x00007ffc9f31e000 	c:\Users\pc\.antigravity-ide\extensions\redhat.java-1.55.0-win32-x64\jre\21.0.11-win32-x86_64\bin\VCRUNTIME140.dll
0x00007ffcde680000 - 0x00007ffcde847000 	C:\WINDOWS\System32\USER32.dll
0x00007ffcc1540000 - 0x00007ffcc17d2000 	C:\WINDOWS\WinSxS\amd64_microsoft.windows.common-controls_6595b64144ccf1df_6.0.26100.8894_none_3e0f749ee32e02ea\COMCTL32.dll
0x00007ffcde220000 - 0x00007ffcde247000 	C:\WINDOWS\System32\win32u.dll
0x00007ffce07d0000 - 0x00007ffce0879000 	C:\WINDOWS\System32\msvcrt.dll
0x00007ffcdf4b0000 - 0x00007ffcdf4db000 	C:\WINDOWS\System32\GDI32.dll
0x00007ffcde0f0000 - 0x00007ffcde21a000 	C:\WINDOWS\System32\gdi32full.dll
0x00007ffcddf80000 - 0x00007ffcde023000 	C:\WINDOWS\System32\msvcp_win.dll
0x00007ffcde5f0000 - 0x00007ffcde622000 	C:\WINDOWS\System32\IMM32.DLL
0x00007ffcc9de0000 - 0x00007ffcc9dec000 	c:\Users\pc\.antigravity-ide\extensions\redhat.java-1.55.0-win32-x64\jre\21.0.11-win32-x86_64\bin\vcruntime140_1.dll
0x00007ffc86220000 - 0x00007ffc862ad000 	c:\Users\pc\.antigravity-ide\extensions\redhat.java-1.55.0-win32-x64\jre\21.0.11-win32-x86_64\bin\msvcp140.dll
0x00007ffc5df40000 - 0x00007ffc5ece2000 	c:\Users\pc\.antigravity-ide\extensions\redhat.java-1.55.0-win32-x64\jre\21.0.11-win32-x86_64\bin\server\jvm.dll
0x00007ffce0590000 - 0x00007ffce0647000 	C:\WINDOWS\System32\ADVAPI32.dll
0x00007ffcdece0000 - 0x00007ffcded8a000 	C:\WINDOWS\System32\sechost.dll
0x00007ffcdf390000 - 0x00007ffcdf4a8000 	C:\WINDOWS\System32\RPCRT4.dll
0x00007ffce01f0000 - 0x00007ffce0270000 	C:\WINDOWS\System32\WS2_32.dll
0x00007ffcd69c0000 - 0x00007ffcd69cb000 	C:\WINDOWS\SYSTEM32\VERSION.dll
0x00007ffcdd940000 - 0x00007ffcdd99e000 	C:\WINDOWS\SYSTEM32\POWRPROF.dll
0x00007ffcd6950000 - 0x00007ffcd6986000 	C:\WINDOWS\SYSTEM32\WINMM.dll
0x00007ffcdd920000 - 0x00007ffcdd934000 	C:\WINDOWS\SYSTEM32\UMPDC.dll
0x00007ffcdc7c0000 - 0x00007ffcdc7db000 	C:\WINDOWS\SYSTEM32\kernel.appcore.dll
0x00007ffcc4090000 - 0x00007ffcc409a000 	c:\Users\pc\.antigravity-ide\extensions\redhat.java-1.55.0-win32-x64\jre\21.0.11-win32-x86_64\bin\jimage.dll
0x00007ffcd0710000 - 0x00007ffcd0952000 	C:\WINDOWS\SYSTEM32\DBGHELP.DLL
0x00007ffcdfc80000 - 0x00007ffce0003000 	C:\WINDOWS\System32\combase.dll
0x00007ffcdf260000 - 0x00007ffcdf339000 	C:\WINDOWS\System32\OLEAUT32.dll
0x00007ffccb4d0000 - 0x00007ffccb50b000 	C:\WINDOWS\SYSTEM32\dbgcore.DLL
0x00007ffcde250000 - 0x00007ffcde2fc000 	C:\WINDOWS\System32\bcryptPrimitives.dll
0x00007ffcc3540000 - 0x00007ffcc354f000 	c:\Users\pc\.antigravity-ide\extensions\redhat.java-1.55.0-win32-x64\jre\21.0.11-win32-x86_64\bin\instrument.dll
0x00007ffc9c6f0000 - 0x00007ffc9c710000 	c:\Users\pc\.antigravity-ide\extensions\redhat.java-1.55.0-win32-x64\jre\21.0.11-win32-x86_64\bin\java.dll
0x00007ffcdf4e0000 - 0x00007ffcdfc72000 	C:\WINDOWS\System32\SHELL32.dll
0x00007ffcdb580000 - 0x00007ffcdbe12000 	C:\WINDOWS\SYSTEM32\windows.storage.dll
0x00007ffce06d0000 - 0x00007ffce07c7000 	C:\WINDOWS\System32\SHCORE.dll
0x00007ffce0660000 - 0x00007ffce06c7000 	C:\WINDOWS\System32\shlwapi.dll
0x00007ffcdda00000 - 0x00007ffcdda29000 	C:\WINDOWS\SYSTEM32\profapi.dll
0x00007ffc9c0e0000 - 0x00007ffc9c0f8000 	c:\Users\pc\.antigravity-ide\extensions\redhat.java-1.55.0-win32-x64\jre\21.0.11-win32-x86_64\bin\zip.dll
0x00007ffcac400000 - 0x00007ffcac410000 	C:\Users\pc\.antigravity-ide\extensions\redhat.java-1.55.0-win32-x64\jre\21.0.11-win32-x86_64\bin\net.dll
0x00007ffcd7840000 - 0x00007ffcd7967000 	C:\WINDOWS\SYSTEM32\WINHTTP.dll
0x00007ffcdcd70000 - 0x00007ffcdcddc000 	C:\WINDOWS\system32\mswsock.dll
0x00007ffc99b20000 - 0x00007ffc99b36000 	C:\Users\pc\.antigravity-ide\extensions\redhat.java-1.55.0-win32-x64\jre\21.0.11-win32-x86_64\bin\nio.dll
0x00007ffca9a00000 - 0x00007ffca9a10000 	c:\Users\pc\.antigravity-ide\extensions\redhat.java-1.55.0-win32-x64\jre\21.0.11-win32-x86_64\bin\verify.dll
0x00007ffc8b2d0000 - 0x00007ffc8b315000 	C:\Users\pc\AppData\Roaming\Antigravity IDE\User\globalStorage\redhat.java\1.55.0\config_win\org.eclipse.equinox.launcher\org.eclipse.equinox.launcher.win32.win32.x86_64_1.3.100.v20260613-0559\eclipse_11924.dll
0x00007ffce03f0000 - 0x00007ffce0589000 	C:\WINDOWS\System32\ole32.dll
0x00007ffcdd070000 - 0x00007ffcdd08b000 	C:\WINDOWS\SYSTEM32\CRYPTSP.dll
0x00007ffcdc720000 - 0x00007ffcdc759000 	C:\WINDOWS\system32\rsaenh.dll
0x00007ffcdce30000 - 0x00007ffcdce62000 	C:\WINDOWS\SYSTEM32\USERENV.dll
0x00007ffcdd9d0000 - 0x00007ffcdd9fa000 	C:\WINDOWS\SYSTEM32\bcrypt.dll
0x00007ffcdd090000 - 0x00007ffcdd09c000 	C:\WINDOWS\SYSTEM32\CRYPTBASE.dll
0x00007ffcdc1c0000 - 0x00007ffcdc1f3000 	C:\WINDOWS\SYSTEM32\IPHLPAPI.DLL
0x00007ffce0650000 - 0x00007ffce065a000 	C:\WINDOWS\System32\NSI.dll
0x00007ffc85b80000 - 0x00007ffc85bc9000 	C:\Users\pc\AppData\Local\Temp\jna-3571\jna9896578342843777786.dll
0x00007ffcdf250000 - 0x00007ffcdf258000 	C:\WINDOWS\System32\PSAPI.DLL
0x00007ffcd7a10000 - 0x00007ffcd7a2d000 	C:\WINDOWS\SYSTEM32\dhcpcsvc6.DLL
0x00007ffcd79e0000 - 0x00007ffcd7a05000 	C:\WINDOWS\SYSTEM32\dhcpcsvc.DLL
0x00007ffcac3b0000 - 0x00007ffcac3be000 	C:\Users\pc\.antigravity-ide\extensions\redhat.java-1.55.0-win32-x64\jre\21.0.11-win32-x86_64\bin\sunmscapi.dll
0x00007ffcde470000 - 0x00007ffcde5e8000 	C:\WINDOWS\System32\CRYPT32.dll
0x00007ffcdd2b0000 - 0x00007ffcdd2e0000 	C:\WINDOWS\SYSTEM32\ncrypt.dll
0x00007ffcdd260000 - 0x00007ffcdd29f000 	C:\WINDOWS\SYSTEM32\NTASN1.dll
0x00007ffcdc260000 - 0x00007ffcdc3b6000 	C:\WINDOWS\SYSTEM32\DNSAPI.dll
0x00007ffcdcb50000 - 0x00007ffcdcb5d000 	C:\WINDOWS\SYSTEM32\DSPARSE.dll
0x00007ffcd4160000 - 0x00007ffcd416b000 	C:\Windows\System32\rasadhlp.dll
0x00007ffcd8270000 - 0x00007ffcd82f6000 	C:\WINDOWS\System32\fwpuclnt.dll
0x00007ffcac390000 - 0x00007ffcac399000 	C:\Users\pc\.antigravity-ide\extensions\redhat.java-1.55.0-win32-x64\jre\21.0.11-win32-x86_64\bin\extnet.dll

JVMTI agents:
c:\Users\pc\.antigravity-ide\extensions\redhat.java-1.55.0-win32-x64\lombok\lombok-1.18.39-4050.jar path:c:\Users\pc\.antigravity-ide\extensions\redhat.java-1.55.0-win32-x64\jre\21.0.11-win32-x86_64\bin\instrument.dll, loaded, initialized, instrumentlib options:none

dbghelp: loaded successfully - version: 4.0.5 - missing functions: none
symbol engine: initialized successfully - sym options: 0x614 - pdb path: .;c:\Users\pc\.antigravity-ide\extensions\redhat.java-1.55.0-win32-x64\jre\21.0.11-win32-x86_64\bin;C:\WINDOWS\SYSTEM32;C:\WINDOWS\WinSxS\amd64_microsoft.windows.common-controls_6595b64144ccf1df_6.0.26100.8894_none_3e0f749ee32e02ea;c:\Users\pc\.antigravity-ide\extensions\redhat.java-1.55.0-win32-x64\jre\21.0.11-win32-x86_64\bin\server;C:\Users\pc\AppData\Roaming\Antigravity IDE\User\globalStorage\redhat.java\1.55.0\config_win\org.eclipse.equinox.launcher\org.eclipse.equinox.launcher.win32.win32.x86_64_1.3.100.v20260613-0559;C:\Users\pc\AppData\Local\Temp\jna-3571

VM Arguments:
jvm_args: --add-modules=ALL-SYSTEM --add-opens=java.base/java.util=ALL-UNNAMED --add-opens=java.base/java.lang=ALL-UNNAMED --add-opens=java.base/sun.nio.fs=ALL-UNNAMED -Declipse.application=org.eclipse.jdt.ls.core.id1 -Dosgi.bundles.defaultStartLevel=4 -Declipse.product=org.eclipse.jdt.ls.core.product -Djava.import.generatesMetadataFilesAtProjectRoot=false -DDetectVMInstallationsJob.disabled=true -Dfile.encoding=utf8 -XX:+UseParallelGC -XX:GCTimeRatio=4 -XX:AdaptiveSizePolicyWeight=90 -Dsun.zip.disableMemoryMapping=true -Xmx2G -Xms100m -Xlog:disable -javaagent:c:\Users\pc\.antigravity-ide\extensions\redhat.java-1.55.0-win32-x64\lombok\lombok-1.18.39-4050.jar -XX:+HeapDumpOnOutOfMemoryError -XX:HeapDumpPath=c:\Users\pc\AppData\Roaming\Antigravity IDE\User\workspaceStorage\1c9107a3b8c3711efd8498c95f3e6d0a\redhat.java -Daether.dependencyCollector.impl=bf 
java_command: c:\Users\pc\.antigravity-ide\extensions\redhat.java-1.55.0-win32-x64\server\plugins\org.eclipse.equinox.launcher_1.7.200.v20260619-2039.jar -configuration c:\Users\pc\AppData\Roaming\Antigravity IDE\User\globalStorage\redhat.java\1.55.0\config_win -data c:\Users\pc\AppData\Roaming\Antigravity IDE\User\workspaceStorage\1c9107a3b8c3711efd8498c95f3e6d0a\redhat.java\jdt_ws --pipe=\\.\pipe\lsp-277abbfd7b9f9127da73dfc23d0bbb5c-sock
java_class_path (initial): c:\Users\pc\.antigravity-ide\extensions\redhat.java-1.55.0-win32-x64\server\plugins\org.eclipse.equinox.launcher_1.7.200.v20260619-2039.jar
Launcher Type: SUN_STANDARD

[Global flags]
    uintx AdaptiveSizePolicyWeight                 = 90                                        {product} {command line}
     intx CICompilerCount                          = 12                                        {product} {ergonomic}
    uintx GCTimeRatio                              = 4                                         {product} {command line}
     bool HeapDumpOnOutOfMemoryError               = true                                   {manageable} {command line}
    ccstr HeapDumpPath                             = c:\Users\pc\AppData\Roaming\Antigravity IDE\User\workspaceStorage\1c9107a3b8c3711efd8498c95f3e6d0a\redhat.java         {manageable} {command line}
   size_t InitialHeapSize                          = 104857600                                 {product} {command line}
   size_t MaxHeapSize                              = 2147483648                                {product} {command line}
   size_t MaxNewSize                               = 715653120                                 {product} {ergonomic}
   size_t MinHeapDeltaBytes                        = 524288                                    {product} {ergonomic}
   size_t MinHeapSize                              = 104857600                                 {product} {command line}
   size_t NewSize                                  = 34603008                                  {product} {ergonomic}
    uintx NonNMethodCodeHeapSize                   = 7602480                                {pd product} {ergonomic}
    uintx NonProfiledCodeHeapSize                  = 122027880                              {pd product} {ergonomic}
   size_t OldSize                                  = 70254592                                  {product} {ergonomic}
    uintx ProfiledCodeHeapSize                     = 122027880                              {pd product} {ergonomic}
    uintx ReservedCodeCacheSize                    = 251658240                              {pd product} {ergonomic}
     bool SegmentedCodeCache                       = true                                      {product} {ergonomic}
   size_t SoftMaxHeapSize                          = 2147483648                             {manageable} {ergonomic}
     bool UseCompressedOops                        = true                           {product lp64_product} {ergonomic}
     bool UseLargePagesIndividualAllocation        = false                                  {pd product} {ergonomic}
     bool UseParallelGC                            = true                                      {product} {command line}

Logging:
Log output configuration:
 #0: stdout all=off uptime,level,tags foldmultilines=false
 #1: stderr all=off uptime,level,tags foldmultilines=false

Release file:
JAVA_VERSION="21.0.11" 
MODULES="java.base java.compiler java.datatransfer java.xml java.prefs java.desktop java.instrument java.logging java.management java.security.sasl java.naming java.rmi java.management.rmi java.net.http java.scripting java.security.jgss java.transaction.xa java.sql java.sql.rowset java.xml.crypto java.se java.smartcardio jdk.accessibility jdk.internal.jvmstat jdk.attach jdk.charsets jdk.internal.opt jdk.zipfs jdk.compiler jdk.crypto.ec jdk.crypto.cryptoki jdk.crypto.mscapi jdk.dynalink jdk.internal.ed jdk.editpad jdk.hotspot.agent jdk.httpserver jdk.internal.le jdk.internal.vm.ci jdk.internal.vm.compiler jdk.internal.vm.compiler.management jdk.jartool jdk.javadoc jdk.jcmd jdk.management jdk.management.agent jdk.jconsole jdk.jdeps jdk.jdwp.agent jdk.jdi jdk.jfr jdk.jshell jdk.jsobject jdk.jstatd jdk.localedata jdk.management.jfr jdk.naming.dns jdk.naming.rmi jdk.net jdk.nio.mapmode jdk.random jdk.sctp jdk.security.auth jdk.security.jgss jdk.unsupported jdk.unsupported.desktop jdk.xml.dom" 

Environment Variables:
PATH=C:\Program Files\Common Files\Oracle\Java\javapath;C:\app\pc\product\21c\dbhomeXE\bin;C:\WINDOWS\system32;C:\WINDOWS;C:\WINDOWS\System32\Wbem;C:\WINDOWS\System32\WindowsPowerShell\v1.0\;C:\WINDOWS\System32\OpenSSH\;C:\Program Files\Microsoft VS Code\bin;C:\xampp\php;C:\ProgramData\ComposerSetup\bin;C:\Program Files\Git\cmd;C:\Program Files (x86)\Microsoft SQL Server\160\Tools\Binn\;C:\Program Files\Microsoft SQL Server\160\Tools\Binn\;C:\Program Files\Microsoft SQL Server\Client SDK\ODBC\170\Tools\Binn\;C:\Program Files\Microsoft SQL Server\160\DTS\Binn\;C:\Program Files\dotnet\;C:\Program Files\Docker\Docker\resources\bin;C:\Program Files\Apache\maven\bin;C:\hadoop-3.4.3\bin;C:\hadoop-3.4.3\sbin;C:\Program Files\PostgreSQL\16\bin;C:\Program Files\nodejs\;C:\Program Files\PostgreSQL\18\bin;C:\Users\pc\AppData\Local\Programs\Python\Python313\Scripts\;C:\Users\pc\AppData\Local\Programs\Python\Python313\;C:\Users\pc\AppData\Local\Programs\Python\Launcher\;C:\Users\pc\AppData\Local\Microsoft\WindowsApps;C:\Users\pc\AppData\Roaming\Composer\vendor\bin;C:\MinGW\bin;C:\MinGW\;C:\Program Files\7-Zip\;C:\Users\pc\.dotnet\tools;C:\Users\pc\AppData\Local\Programs\Antigravity\bin;C:\Users\pc\AppData\Roaming\npm;C:\Users\pc\AppData\Local\Programs\Antigravity IDE\bin;C:\Program Files\Java\jdk-21.0.11\bin;
USERNAME=pc
OS=Windows_NT
PROCESSOR_IDENTIFIER=AMD64 Family 23 Model 104 Stepping 1, AuthenticAMD
TMP=C:\Users\pc\AppData\Local\Temp
TEMP=C:\Users\pc\AppData\Local\Temp




Periodic native trim disabled

---------------  S Y S T E M  ---------------

OS:
 Windows 11 , 64 bit Build 26100 (10.0.26100.8875)
OS uptime: 8 days 13:01 hours
Hyper-V role detected

CPU: total 16 (initial active 16) (16 cores per cpu, 2 threads per core) family 23 model 104 stepping 1 microcode 0x8608109, cx8, cmov, fxsr, ht, mmx, 3dnowpref, sse, sse2, sse3, ssse3, sse4a, sse4.1, sse4.2, popcnt, lzcnt, tsc, tscinvbit, avx, avx2, aes, clmul, bmi1, bmi2, adx, sha, fma, vzeroupper, clflush, clflushopt, hv, rdtscp, rdpid, f16c
Processor Information for the first 16 processors :
  Max Mhz: 1801, Current Mhz: 1801, Mhz Limit: 1801

Memory: 4k page, system-wide physical 11597M (438M free)
TotalPageFile size 24400M (AvailPageFile size 90M)
current process WorkingSet (physical memory assigned to process): 145M, peak: 336M
current process commit charge ("private bytes"): 430M, peak: 537M

vm_info: OpenJDK 64-Bit Server VM (21.0.11+10-LTS) for windows-amd64 JRE (21.0.11+10-LTS), built on 2026-04-21T00:00:00Z by "admin" with MS VC++ 17.12 (VS2022)

END.
