#
# There is insufficient memory for the Java Runtime Environment to continue.
# Native memory allocation (mmap) failed to map 190840832 bytes for G1 virtual space
# Possible reasons:
#   The system is out of physical RAM or swap space
#   The process is running with CompressedOops enabled, and the Java Heap may be blocking the growth of the native heap
# Possible solutions:
#   Reduce memory load on the system
#   Increase physical memory or swap space
#   Check if swap backing store is full
#   Decrease Java heap size (-Xmx/-Xms)
#   Decrease number of Java threads
#   Decrease Java thread stack sizes (-Xss)
#   Set larger code cache with -XX:ReservedCodeCacheSize=
#   JVM is running with Zero Based Compressed Oops mode in which the Java heap is
#     placed in the first 32GB address space. The Java Heap base address is the
#     maximum limit for the native heap growth. Please use -XX:HeapBaseMinAddress
#     to set the Java Heap base and to place the Java Heap above 32GB virtual address.
# This output file may be truncated or incomplete.
#
#  Out of Memory Error (os_windows.cpp:3604), pid=6812, tid=10060
#
# JRE version:  (21.0.11+9) (build )
# Java VM: Java HotSpot(TM) 64-Bit Server VM (21.0.11+9-LTS-211, mixed mode, emulated-client, sharing, tiered, compressed oops, compressed class ptrs, g1 gc, windows-amd64)
# No core dump will be written. Minidumps are not enabled by default on client versions of Windows
#

---------------  S U M M A R Y ------------

Command Line: -XX:TieredStopAtLevel=1 com.norival.norival_backend.NorivalBackendApplication

Host: AMD Ryzen 7 5700U with Radeon Graphics         , 16 cores, 11G,  Windows 11 , 64 bit Build 26100 (10.0.26100.8875)
Time: Thu Jul 30 14:05:42 2026 elapsed time: 0.029374 seconds (0d 0h 0m 0s)

---------------  T H R E A D  ---------------

Current thread (0x000001bb077007b0):  JavaThread "Unknown thread" [_thread_in_vm, id=10060, stack(0x000000b3c0300000,0x000000b3c0400000) (1024K)]

Stack: [0x000000b3c0300000,0x000000b3c0400000]
Native frames: (J=compiled Java code, j=interpreted, Vv=VM code, C=native code)
V  [jvm.dll+0x6d0ef9]
V  [jvm.dll+0x860126]
V  [jvm.dll+0x86261e]
V  [jvm.dll+0x862cf3]
V  [jvm.dll+0x282bc6]
V  [jvm.dll+0x6cd7a5]
V  [jvm.dll+0x6c232a]
V  [jvm.dll+0x35bfb8]
V  [jvm.dll+0x363c76]
V  [jvm.dll+0x3b4d8e]
V  [jvm.dll+0x3b5038]
V  [jvm.dll+0x32fa6c]
V  [jvm.dll+0x3305c1]
V  [jvm.dll+0x82a10e]
V  [jvm.dll+0x3c1d21]
V  [jvm.dll+0x812fda]
V  [jvm.dll+0x454701]
V  [jvm.dll+0x456151]
C  [jli.dll+0x5310]
C  [ucrtbase.dll+0x2cd30]
C  [KERNEL32.DLL+0x2e957]
C  [ntdll.dll+0xaad6c]


---------------  P R O C E S S  ---------------

Threads class SMR info:
_java_thread_list=0x00007ffc41a49c88, length=0, elements={
}

Java Threads: ( => current thread )
Total: 0

Other Threads:
  0x000001bb07cfac10 WorkerThread "GC Thread#0"                     [id=24352, stack(0x000000b3c0400000,0x000000b3c0500000) (1024K)]
  0x000001bb07d07140 ConcurrentGCThread "G1 Main Marker"            [id=10576, stack(0x000000b3c0500000,0x000000b3c0600000) (1024K)]
  0x000001bb07d08ad0 WorkerThread "G1 Conc#0"                       [id=21140, stack(0x000000b3c0600000,0x000000b3c0700000) (1024K)]

[error occurred during error reporting (printing all threads), id 0xc0000005, EXCEPTION_ACCESS_VIOLATION (0xc0000005) at pc=0x00007ffc411b26f7]
VM state: not at safepoint (not fully initialized)

VM Mutex/Monitor currently owned by a thread:  ([mutex/lock_event])
[0x00007ffc41abb050] Heap_lock - owner thread: 0x000001bb077007b0

Heap address: 0x000000074ac00000, size: 2900 MB, Compressed Oops mode: Zero based, Oop shift amount: 3

CDS archive(s) mapped at: [0x0000000000000000-0x0000000000000000-0x0000000000000000), size 0, SharedBaseAddress: 0x0000000800000000, ArchiveRelocationMode: 1.
Narrow klass base: 0x0000000000000000, Narrow klass shift: 0, Narrow klass range: 0x0

GC Precious Log:
Heap:
 garbage-first heap   total 0K, used 0K [0x000000074ac00000, 0x0000000800000000)
  region size 2048K, 

]


 